---
source: crates/ndlook-meta/tests/grib_snapshots.rs
expression: summary
---
{
  "format": "Grib",
  "root": {
    "name": "",
    "dims": [
      {
        "name": "latitude",
        "size": 721,
        "is_unlimited": false
      },
      {
        "name": "longitude",
        "size": 1440,
        "is_unlimited": false
      }
    ],
    "coords": [
      {
        "name": "heightAboveGround",
        "dtype": "float64",
        "dims": [],
        "shape": [],
        "attrs": [
          [
            "units",
            {
              "Text": "m"
            }
          ]
        ],
        "preview": "2.0"
      },
      {
        "name": "heightAboveGround_2",
        "dtype": "float64",
        "dims": [],
        "shape": [],
        "attrs": [
          [
            "units",
            {
              "Text": "m"
            }
          ]
        ],
        "preview": "10.0"
      },
      {
        "name": "isobaricInhPa",
        "dtype": "float64",
        "dims": [],
        "shape": [],
        "attrs": [
          [
            "units",
            {
              "Text": "hPa"
            }
          ]
        ],
        "preview": "500.0"
      },
      {
        "name": "latitude",
        "dtype": "float64",
        "dims": [
          "latitude"
        ],
        "shape": [
          721
        ],
        "attrs": [
          [
            "units",
            {
              "Text": "degrees_north"
            }
          ]
        ],
        "preview": "90.0 89.75 89.5 ... -90.0"
      },
      {
        "name": "longitude",
        "dtype": "float64",
        "dims": [
          "longitude"
        ],
        "shape": [
          1440
        ],
        "attrs": [
          [
            "units",
            {
              "Text": "degrees_east"
            }
          ]
        ],
        "preview": "0.0 0.25 0.5 ... 359.75"
      },
      {
        "name": "step",
        "dtype": "timedelta64[ns]",
        "dims": [],
        "shape": [],
        "attrs": [
          [
            "units",
            {
              "Text": "hours"
            }
          ]
        ],
        "preview": "3.0"
      },
      {
        "name": "time",
        "dtype": "datetime64[ns]",
        "dims": [],
        "shape": [],
        "attrs": [],
        "preview": "2026-01-01 00:00:00 UTC"
      }
    ],
    "data_vars": [
      {
        "name": "hgt",
        "dtype": "float64",
        "dims": [
          "latitude",
          "longitude"
        ],
        "shape": [
          721,
          1440
        ],
        "attrs": [
          [
            "long_name",
            {
              "Text": "geopotentialheight"
            }
          ],
          [
            "units",
            {
              "Text": "gpm"
            }
          ],
          [
            "coordinates",
            {
              "Text": "time step isobaricInhPa"
            }
          ],
          [
            "GRIB_shortName",
            {
              "Text": "HGT"
            }
          ],
          [
            "GRIB_typeOfLevel",
            {
              "Text": "isobaricInhPa"
            }
          ],
          [
            "GRIB_stepType",
            {
              "Text": "instant"
            }
          ],
          [
            "GRIB_gridType",
            {
              "Text": "regular_ll"
            }
          ],
          [
            "GRIB_discipline",
            {
              "Text": "meteorological"
            }
          ],
          [
            "GRIB_parameterCategory",
            {
              "Text": "mass"
            }
          ],
          [
            "GRIB_parameterNumber",
            {
              "Int": 5
            }
          ],
          [
            "GRIB_dataCompression",
            {
              "Text": "3: Complex Grid Packing with Spatial Differencing"
            }
          ],
          [
            "GRIB_numberOfMessages",
            {
              "Int": 1
            }
          ],
          [
            "GRIB_proj",
            {
              "Text": "+proj=latlon +a=6367470 +b=6367470"
            }
          ]
        ]
      },
      {
        "name": "tmp_heightAboveGround",
        "dtype": "float64",
        "dims": [
          "latitude",
          "longitude"
        ],
        "shape": [
          721,
          1440
        ],
        "attrs": [
          [
            "long_name",
            {
              "Text": "temperature"
            }
          ],
          [
            "units",
            {
              "Text": "K"
            }
          ],
          [
            "coordinates",
            {
              "Text": "time step heightAboveGround"
            }
          ],
          [
            "GRIB_shortName",
            {
              "Text": "TMP"
            }
          ],
          [
            "GRIB_typeOfLevel",
            {
              "Text": "heightAboveGround"
            }
          ],
          [
            "GRIB_stepType",
            {
              "Text": "instant"
            }
          ],
          [
            "GRIB_gridType",
            {
              "Text": "regular_ll"
            }
          ],
          [
            "GRIB_discipline",
            {
              "Text": "meteorological"
            }
          ],
          [
            "GRIB_parameterCategory",
            {
              "Text": "temperature"
            }
          ],
          [
            "GRIB_parameterNumber",
            {
              "Int": 0
            }
          ],
          [
            "GRIB_dataCompression",
            {
              "Text": "3: Complex Grid Packing with Spatial Differencing"
            }
          ],
          [
            "GRIB_numberOfMessages",
            {
              "Int": 1
            }
          ],
          [
            "GRIB_proj",
            {
              "Text": "+proj=latlon +a=6367470 +b=6367470"
            }
          ]
        ]
      },
      {
        "name": "tmp_isobaricInhPa",
        "dtype": "float64",
        "dims": [
          "latitude",
          "longitude"
        ],
        "shape": [
          721,
          1440
        ],
        "attrs": [
          [
            "long_name",
            {
              "Text": "temperature"
            }
          ],
          [
            "units",
            {
              "Text": "K"
            }
          ],
          [
            "coordinates",
            {
              "Text": "time step isobaricInhPa"
            }
          ],
          [
            "GRIB_shortName",
            {
              "Text": "TMP"
            }
          ],
          [
            "GRIB_typeOfLevel",
            {
              "Text": "isobaricInhPa"
            }
          ],
          [
            "GRIB_stepType",
            {
              "Text": "instant"
            }
          ],
          [
            "GRIB_gridType",
            {
              "Text": "regular_ll"
            }
          ],
          [
            "GRIB_discipline",
            {
              "Text": "meteorological"
            }
          ],
          [
            "GRIB_parameterCategory",
            {
              "Text": "temperature"
            }
          ],
          [
            "GRIB_parameterNumber",
            {
              "Int": 0
            }
          ],
          [
            "GRIB_dataCompression",
            {
              "Text": "3: Complex Grid Packing with Spatial Differencing"
            }
          ],
          [
            "GRIB_numberOfMessages",
            {
              "Int": 1
            }
          ],
          [
            "GRIB_proj",
            {
              "Text": "+proj=latlon +a=6367470 +b=6367470"
            }
          ]
        ]
      },
      {
        "name": "ugrd",
        "dtype": "float64",
        "dims": [
          "latitude",
          "longitude"
        ],
        "shape": [
          721,
          1440
        ],
        "attrs": [
          [
            "long_name",
            {
              "Text": "ucomponentwindspeed"
            }
          ],
          [
            "units",
            {
              "Text": "ms-1"
            }
          ],
          [
            "coordinates",
            {
              "Text": "time step heightAboveGround_2"
            }
          ],
          [
            "GRIB_shortName",
            {
              "Text": "UGRD"
            }
          ],
          [
            "GRIB_typeOfLevel",
            {
              "Text": "heightAboveGround"
            }
          ],
          [
            "GRIB_stepType",
            {
              "Text": "instant"
            }
          ],
          [
            "GRIB_gridType",
            {
              "Text": "regular_ll"
            }
          ],
          [
            "GRIB_discipline",
            {
              "Text": "meteorological"
            }
          ],
          [
            "GRIB_parameterCategory",
            {
              "Text": "momentum"
            }
          ],
          [
            "GRIB_parameterNumber",
            {
              "Int": 2
            }
          ],
          [
            "GRIB_dataCompression",
            {
              "Text": "3: Complex Grid Packing with Spatial Differencing"
            }
          ],
          [
            "GRIB_numberOfMessages",
            {
              "Int": 1
            }
          ],
          [
            "GRIB_proj",
            {
              "Text": "+proj=latlon +a=6367470 +b=6367470"
            }
          ]
        ]
      },
      {
        "name": "vgrd",
        "dtype": "float64",
        "dims": [
          "latitude",
          "longitude"
        ],
        "shape": [
          721,
          1440
        ],
        "attrs": [
          [
            "long_name",
            {
              "Text": "vcomponentwindspeed"
            }
          ],
          [
            "units",
            {
              "Text": "ms-1"
            }
          ],
          [
            "coordinates",
            {
              "Text": "time step heightAboveGround_2"
            }
          ],
          [
            "GRIB_shortName",
            {
              "Text": "VGRD"
            }
          ],
          [
            "GRIB_typeOfLevel",
            {
              "Text": "heightAboveGround"
            }
          ],
          [
            "GRIB_stepType",
            {
              "Text": "instant"
            }
          ],
          [
            "GRIB_gridType",
            {
              "Text": "regular_ll"
            }
          ],
          [
            "GRIB_discipline",
            {
              "Text": "meteorological"
            }
          ],
          [
            "GRIB_parameterCategory",
            {
              "Text": "momentum"
            }
          ],
          [
            "GRIB_parameterNumber",
            {
              "Int": 3
            }
          ],
          [
            "GRIB_dataCompression",
            {
              "Text": "3: Complex Grid Packing with Spatial Differencing"
            }
          ],
          [
            "GRIB_numberOfMessages",
            {
              "Int": 1
            }
          ],
          [
            "GRIB_proj",
            {
              "Text": "+proj=latlon +a=6367470 +b=6367470"
            }
          ]
        ]
      }
    ],
    "attrs": [
      [
        "GRIB_edition",
        {
          "Int": 2
        }
      ],
      [
        "ndlook:message_count",
        {
          "Int": 5
        }
      ]
    ],
    "children": []
  }
}
